Average rate = 1.161111
Start: time = 361, rate = 1.291000
End:   time = 584, rate = 1.153000
