

*** Data for EUR-USD ***
Average rate = 0.897167
Start: time = 22025, rate = 1.304240
End:   time = 22313, rate = 1.304140


*** Data for EUR-JPY ***
Average rate = 123.603972
Start: time = 22020, rate = 123.609000
End:   time = 22319, rate = 123.534000


*** Data for USD-JPY ***
Average rate = 94.754715
Start: time = 22020, rate = 94.774000
End:   time = 22319, rate = 94.724000
